******************************************************************************
                  TI ARM Linker PC v20.2.5                     
******************************************************************************
>> Linked Wed Nov  3 04:29:39 2021

OUTPUT FILE NAME:   <Lab9_ED2.out>
ENTRY POINT SYMBOL: "_c_int00_noargs"  address: 000008b9


MEMORY CONFIGURATION

         name            origin    length      used     unused   attr    fill
----------------------  --------  ---------  --------  --------  ----  --------
  FLASH                 00000000   00040000  00000aa2  0003f55e  R  X
  SRAM                  20000000   00008000  00000208  00007df8  RW X


SEGMENT ALLOCATION MAP

run origin  load origin   length   init length attrs members
----------  ----------- ---------- ----------- ----- -------
00000000    00000000    00000aa8   00000aa8    r-x
  00000000    00000000    0000026c   0000026c    r-- .intvecs
  0000026c    0000026c    00000796   00000796    r-x .text
  00000a04    00000a04    00000070   00000070    r-- .const
  00000a78    00000a78    00000030   00000030    r-- .cinit
20000000    20000000    00000208   00000000    rw-
  20000000    20000000    00000200   00000000    rw- .stack
  20000200    20000200    00000004   00000000    rw- .bss
  20000204    20000204    00000004   00000000    rw- .data


SECTION ALLOCATION MAP

 output                                  attributes/
section   page    origin      length       input sections
--------  ----  ----------  ----------   ----------------
.intvecs   0    00000000    0000026c     
                  00000000    0000026c     tm4c123gh6pm_startup_ccs.obj (.intvecs)

.text      0    0000026c    00000796     
                  0000026c    000001e8     main.obj (.text)
                  00000454    00000132     driverlib.lib : gpio.obj (.text:GPIOPadConfigSet)
                  00000586    00000002     --HOLE-- [fill = 0]
                  00000588    000000f4                   : sysctl.obj (.text:SysCtlClockSet)
                  0000067c    0000009c     rtsv7M4_T_le_v4SPD16_eabi.lib : memcpy_t2.asm.obj (.text)
                  00000718    00000068     driverlib.lib : interrupt.obj (.text:IntEnable)
                  00000780    00000068     rtsv7M4_T_le_v4SPD16_eabi.lib : copy_decompress_lzss.c.obj (.text:decompress:lzss:__TI_decompress_lzss)
                  000007e8    00000056     driverlib.lib : gpio.obj (.text:GPIOIntTypeSet)
                  0000083e    00000002     --HOLE-- [fill = 0]
                  00000840    00000044     rtsv7M4_T_le_v4SPD16_eabi.lib : autoinit.c.obj (.text:__TI_auto_init_nobinit_nopinit:__TI_auto_init_nobinit_nopinit)
                  00000884    00000034     driverlib.lib : sysctl.obj (.text:SysCtlPeripheralEnable)
                  000008b8    00000034     rtsv7M4_T_le_v4SPD16_eabi.lib : boot_cortex_m.c.obj (.text:_c_int00_noargs:_c_int00_noargs)
                  000008ec    0000002a     driverlib.lib : gpio.obj (.text:GPIODirModeSet)
                  00000916    0000001c     rtsv7M4_T_le_v4SPD16_eabi.lib : copy_zero_init.c.obj (.text:decompress:ZI:__TI_zero_init_nomemset:__TI_zero_init_nomemset)
                  00000932    00000018     driverlib.lib : gpio.obj (.text:GPIOPinTypeGPIOOutput)
                  0000094a    00000002     --HOLE-- [fill = 0]
                  0000094c    00000014                   : systick.obj (.text:SysTickDisable)
                  00000960    00000014                   : systick.obj (.text:SysTickEnable)
                  00000974    00000012                   : gpio.obj (.text:GPIOPinTypeGPIOInput)
                  00000986    00000010                   : interrupt.obj (.text:IntMasterEnable)
                  00000996    00000002     --HOLE-- [fill = 0]
                  00000998    00000010                   : systick.obj (.text:SysTickPeriodSet)
                  000009a8    0000000e                   : gpio.obj (.text:GPIOIntStatus)
                  000009b6    0000000e     rtsv7M4_T_le_v4SPD16_eabi.lib : copy_decompress_none.c.obj (.text:decompress:none:__TI_decompress_none)
                  000009c4    0000000c     driverlib.lib : cpu.obj (.text:CPUcpsie)
                  000009d0    0000000c                   : gpio.obj (.text:GPIOIntEnable)
                  000009dc    0000000c     tm4c123gh6pm_startup_ccs.obj (.text)
                  000009e8    00000006     driverlib.lib : gpio.obj (.text:GPIOIntClear)
                  000009ee    00000006                   : gpio.obj (.text:GPIOPinWrite)
                  000009f4    00000006                   : sysctl.obj (.text:SysCtlDelay)
                  000009fa    00000004     rtsv7M4_T_le_v4SPD16_eabi.lib : pre_init.c.obj (.text:_system_pre_init)
                  000009fe    00000004                                   : exit.c.obj (.text:abort:abort)

.const     0    00000a04    00000070     
                  00000a04    00000070     driverlib.lib : interrupt.obj (.const)

.cinit     0    00000a78    00000030     
                  00000a78    0000000c     (__TI_handler_table)
                  00000a84    00000004     --HOLE-- [fill = 0]
                  00000a88    00000008     (.cinit..bss.load) [load image, compression = zero_init]
                  00000a90    00000007     (.cinit..data.load) [load image, compression = lzss]
                  00000a97    00000001     --HOLE-- [fill = 0]
                  00000a98    00000010     (__TI_cinit_table)

.init_array 
*          0    00000000    00000000     UNINITIALIZED

.bss       0    20000200    00000004     UNINITIALIZED
                  20000200    00000002     (.common:antirrebote)
                  20000202    00000002     (.common:estado)

.data      0    20000204    00000004     UNINITIALIZED
                  20000204    00000004     main.obj (.data)

.stack     0    20000000    00000200     UNINITIALIZED
                  20000000    00000004     rtsv7M4_T_le_v4SPD16_eabi.lib : boot_cortex_m.c.obj (.stack)
                  20000004    000001fc     --HOLE--

__llvm_prf_cnts 
*          0    20000000    00000000     UNINITIALIZED

MODULE SUMMARY

       Module                         code   ro data   rw data
       ------                         ----   -------   -------
    .\
       tm4c123gh6pm_startup_ccs.obj   12     620       0      
       main.obj                       488    0         8      
    +--+------------------------------+------+---------+---------+
       Total:                         500    620       8      
                                                              
    C:/ti/TivaWare_C_Series-2.1.4.178/driverlib/ccs/Debug/driverlib.lib
       gpio.obj                       514    0         0      
       sysctl.obj                     302    0         0      
       interrupt.obj                  120    112       0      
       systick.obj                    56     0         0      
       cpu.obj                        12     0         0      
    +--+------------------------------+------+---------+---------+
       Total:                         1004   112       0      
                                                              
    C:\ti\ccs1040\ccs\tools\compiler\ti-cgt-arm_20.2.5.LTS\lib\rtsv7M4_T_le_v4SPD16_eabi.lib
       memcpy_t2.asm.obj              156    0         0      
       copy_decompress_lzss.c.obj     104    0         0      
       autoinit.c.obj                 68     0         0      
       boot_cortex_m.c.obj            52     0         0      
       copy_zero_init.c.obj           28     0         0      
       copy_decompress_none.c.obj     14     0         0      
       exit.c.obj                     4      0         0      
       pre_init.c.obj                 4      0         0      
    +--+------------------------------+------+---------+---------+
       Total:                         430    0         0      
                                                              
       Stack:                         0      0         512    
       Linker Generated:              0      43        0      
    +--+------------------------------+------+---------+---------+
       Grand Total:                   1934   775       520    


LINKER GENERATED COPY TABLES

__TI_cinit_table @ 00000a98 records: 2, size/record: 8, table size: 16
	.bss: load addr=00000a88, load size=00000008 bytes, run addr=20000200, run size=00000004 bytes, compression=zero_init
	.data: load addr=00000a90, load size=00000007 bytes, run addr=20000204, run size=00000004 bytes, compression=lzss


LINKER GENERATED HANDLER TABLE

__TI_handler_table @ 00000a78 records: 3, size/record: 4, table size: 12
	index: 0, handler: __TI_decompress_lzss
	index: 1, handler: __TI_decompress_none
	index: 2, handler: __TI_zero_init


GLOBAL SYMBOLS: SORTED ALPHABETICALLY BY Name 

address   name                          
-------   ----                          
000009ff  C$$EXIT                       
000009c5  CPUcpsie                      
000008ed  GPIODirModeSet                
000009e9  GPIOIntClear                  
000009d1  GPIOIntEnable                 
000009a9  GPIOIntStatus                 
000007e9  GPIOIntTypeSet                
00000455  GPIOPadConfigSet              
00000975  GPIOPinTypeGPIOInput          
00000933  GPIOPinTypeGPIOOutput         
000009ef  GPIOPinWrite                  
00000719  IntEnable                     
00000987  IntMasterEnable               
0000026d  Int_GPIOF                     
000009dd  ResetISR                      
00000589  SysCtlClockSet                
000009f5  SysCtlDelay                   
00000885  SysCtlPeripheralEnable        
0000094d  SysTickDisable                
00000961  SysTickEnable                 
00000999  SysTickPeriodSet              
0000029d  Timer0IntHandler              
20000200  __STACK_END                   
00000200  __STACK_SIZE                  
20000200  __STACK_TOP                   
00000a98  __TI_CINIT_Base               
00000aa8  __TI_CINIT_Limit              
00000a78  __TI_Handler_Table_Base       
00000a84  __TI_Handler_Table_Limit      
00000841  __TI_auto_init_nobinit_nopinit
00000781  __TI_decompress_lzss          
000009b7  __TI_decompress_none          
ffffffff  __TI_pprof_out_hndl           
ffffffff  __TI_prof_data_size           
ffffffff  __TI_prof_data_start          
00000000  __TI_static_base__            
00000917  __TI_zero_init_nomemset       
0000067d  __aeabi_memcpy                
0000067d  __aeabi_memcpy4               
0000067d  __aeabi_memcpy8               
ffffffff  __binit__                     
ffffffff  __c_args__                    
UNDEFED   __mpu_init                    
20000000  __stack                       
20000000  __start___llvm_prf_cnts       
20000000  __stop___llvm_prf_cnts        
000008b9  _c_int00_noargs               
UNDEFED   _system_post_cinit            
000009fb  _system_pre_init              
000009ff  abort                         
20000200  antirrebote                   
ffffffff  binit                         
00000319  delay                         
00000345  delay1ms                      
20000202  estado                        
00000000  g_pfnVectors                  
20000204  i                             
0000029f  main                          
0000067d  memcpy                        
00000361  semaforo                      


GLOBAL SYMBOLS: SORTED BY Symbol Address 

address   name                          
-------   ----                          
00000000  __TI_static_base__            
00000000  g_pfnVectors                  
00000200  __STACK_SIZE                  
0000026d  Int_GPIOF                     
0000029d  Timer0IntHandler              
0000029f  main                          
00000319  delay                         
00000345  delay1ms                      
00000361  semaforo                      
00000455  GPIOPadConfigSet              
00000589  SysCtlClockSet                
0000067d  __aeabi_memcpy                
0000067d  __aeabi_memcpy4               
0000067d  __aeabi_memcpy8               
0000067d  memcpy                        
00000719  IntEnable                     
00000781  __TI_decompress_lzss          
000007e9  GPIOIntTypeSet                
00000841  __TI_auto_init_nobinit_nopinit
00000885  SysCtlPeripheralEnable        
000008b9  _c_int00_noargs               
000008ed  GPIODirModeSet                
00000917  __TI_zero_init_nomemset       
00000933  GPIOPinTypeGPIOOutput         
0000094d  SysTickDisable                
00000961  SysTickEnable                 
00000975  GPIOPinTypeGPIOInput          
00000987  IntMasterEnable               
00000999  SysTickPeriodSet              
000009a9  GPIOIntStatus                 
000009b7  __TI_decompress_none          
000009c5  CPUcpsie                      
000009d1  GPIOIntEnable                 
000009dd  ResetISR                      
000009e9  GPIOIntClear                  
000009ef  GPIOPinWrite                  
000009f5  SysCtlDelay                   
000009fb  _system_pre_init              
000009ff  C$$EXIT                       
000009ff  abort                         
00000a78  __TI_Handler_Table_Base       
00000a84  __TI_Handler_Table_Limit      
00000a98  __TI_CINIT_Base               
00000aa8  __TI_CINIT_Limit              
20000000  __stack                       
20000000  __start___llvm_prf_cnts       
20000000  __stop___llvm_prf_cnts        
20000200  __STACK_END                   
20000200  __STACK_TOP                   
20000200  antirrebote                   
20000202  estado                        
20000204  i                             
ffffffff  __TI_pprof_out_hndl           
ffffffff  __TI_prof_data_size           
ffffffff  __TI_prof_data_start          
ffffffff  __binit__                     
ffffffff  __c_args__                    
ffffffff  binit                         
UNDEFED   __mpu_init                    
UNDEFED   _system_post_cinit            

[60 symbols]
